[     121ms] [LOG] 🎨 Jenna Studio initialized successfully! @ https://jenna-studio.dev/js/main.js?v=custom-cursor-overlay-v3:924
[     135ms] [LOG] Avatar: 57% loaded @ https://jenna-studio.dev/:649
[     136ms] [LOG] pink-flower.fbx: 29.446176795679406% loaded @ https://jenna-studio.dev/:710
[     136ms] [LOG] pink-flower.fbx: 31.28656284540937% loaded @ https://jenna-studio.dev/:710
[     136ms] [LOG] yellow-flower.fbx: 34.968277646974244% loaded @ https://jenna-studio.dev/:710
[     137ms] [LOG] skyblue-flower.fbx: 33.12784198134402% loaded @ https://jenna-studio.dev/:710
[     137ms] [LOG] skyblue-flower.fbx: 34.968277646974244% loaded @ https://jenna-studio.dev/:710
[     138ms] [LOG] purple-flower.fbx: 29.446970650083575% loaded @ https://jenna-studio.dev/:710
[     138ms] [LOG] green-flower.fbx: 16.56392099067201% loaded @ https://jenna-studio.dev/:710
[     140ms] [LOG] Avatar: 71% loaded @ https://jenna-studio.dev/:649
[     140ms] [LOG] pink-flower.fbx: 38.64810704432922% loaded @ https://jenna-studio.dev/:710
[     140ms] [LOG] yellow-flower.fbx: 44.170455975125364% loaded @ https://jenna-studio.dev/:710
[     140ms] [LOG] skyblue-flower.fbx: 44.170455975125364% loaded @ https://jenna-studio.dev/:710
[     141ms] [LOG] skyblue-flower.fbx: 46.01089164075559% loaded @ https://jenna-studio.dev/:710
[     141ms] [LOG] purple-flower.fbx: 38.64914897823469% loaded @ https://jenna-studio.dev/:710
[     143ms] [LOG] green-flower.fbx: 27.60653498445335% loaded @ https://jenna-studio.dev/:710
[     144ms] [LOG] Avatar: 95% loaded @ https://jenna-studio.dev/:649
[     145ms] [LOG] pink-flower.fbx: 49.690423342709% loaded @ https://jenna-studio.dev/:710
[     146ms] [LOG] yellow-flower.fbx: 53.37263430327648% loaded @ https://jenna-studio.dev/:710
[     146ms] [LOG] skyblue-flower.fbx: 55.2130699689067% loaded @ https://jenna-studio.dev/:710
[     147ms] [LOG] purple-flower.fbx: 46.01089164075559% loaded @ https://jenna-studio.dev/:710
[     147ms] [LOG] green-flower.fbx: 36.80871331260447% loaded @ https://jenna-studio.dev/:710
[     147ms] [LOG] Avatar: 98% loaded @ https://jenna-studio.dev/:649
[     147ms] [LOG] pink-flower.fbx: 51.53080939243896% loaded @ https://jenna-studio.dev/:710
[     147ms] [LOG] green-flower.fbx: 38.64914897823469% loaded @ https://jenna-studio.dev/:710
[     148ms] [LOG] skyblue-flower.fbx: 58.89394130016715% loaded @ https://jenna-studio.dev/:710
[     148ms] [LOG] skyblue-flower.fbx: 62.5748126314276% loaded @ https://jenna-studio.dev/:710
[     148ms] [LOG] purple-flower.fbx: 51.53219863764625% loaded @ https://jenna-studio.dev/:710
[     150ms] [LOG] yellow-flower.fbx: 57.053505634536926% loaded @ https://jenna-studio.dev/:710
[     150ms] [LOG] pink-flower.fbx: 55.21158149189888% loaded @ https://jenna-studio.dev/:710
[     150ms] [LOG] Avatar: 101% loaded @ https://jenna-studio.dev/:649
[     152ms] [LOG] yellow-flower.fbx: 58.89394130016715% loaded @ https://jenna-studio.dev/:710
[     152ms] [LOG] yellow-flower.fbx: 66.25568396268804% loaded @ https://jenna-studio.dev/:710
[     152ms] [LOG] skyblue-flower.fbx: 68.09611962831826% loaded @ https://jenna-studio.dev/:710
[     152ms] [LOG] purple-flower.fbx: 58.89394130016715% loaded @ https://jenna-studio.dev/:710
[     152ms] [LOG] green-flower.fbx: 51.53219863764625% loaded @ https://jenna-studio.dev/:710
[     152ms] [LOG] green-flower.fbx: 53.37263430327648% loaded @ https://jenna-studio.dev/:710
[     154ms] [LOG] yellow-flower.fbx: 86.5004762846205% loaded @ https://jenna-studio.dev/:710
[     155ms] [LOG] pink-flower.fbx: 58.89235359135881% loaded @ https://jenna-studio.dev/:710
[     155ms] [LOG] pink-flower.fbx: 79.1366001383884% loaded @ https://jenna-studio.dev/:710
[     155ms] [LOG] pink-flower.fbx: 80.97698618811837% loaded @ https://jenna-studio.dev/:710
[     158ms] [LOG] yellow-flower.fbx: 100% loaded @ https://jenna-studio.dev/:710
[     159ms] [LOG] skyblue-flower.fbx: 100% loaded @ https://jenna-studio.dev/:710
[     159ms] [LOG] purple-flower.fbx: 100% loaded @ https://jenna-studio.dev/:710
[     160ms] [LOG] green-flower.fbx: 58.89394130016715% loaded @ https://jenna-studio.dev/:710
[     160ms] [LOG] green-flower.fbx: 100% loaded @ https://jenna-studio.dev/:710
[     161ms] [LOG] pink-flower.fbx: 100% loaded @ https://jenna-studio.dev/:710
[     404ms] [LOG] yellow-flower.fbx loaded successfully @ https://jenna-studio.dev/:707
[     597ms] [LOG] skyblue-flower.fbx loaded successfully @ https://jenna-studio.dev/:707
[     765ms] [LOG] pink-flower.fbx loaded successfully @ https://jenna-studio.dev/:707
[     955ms] [LOG] purple-flower.fbx loaded successfully @ https://jenna-studio.dev/:707
[    1117ms] [LOG] green-flower.fbx loaded successfully @ https://jenna-studio.dev/:707
