[     148ms] [LOG] 🎨 Jenna Studio initialized successfully! @ https://jenna-studio.dev/js/main.js?v=custom-cursor-overlay-v3:924
[     159ms] [LOG] Avatar: 101% loaded @ https://jenna-studio.dev/:649
[     160ms] [LOG] pink-flower.fbx: 58.89235359135881% loaded @ https://jenna-studio.dev/:710
[     160ms] [LOG] pink-flower.fbx: 62.57312569081874% loaded @ https://jenna-studio.dev/:710
[     162ms] [LOG] yellow-flower.fbx: 58.89394130016715% loaded @ https://jenna-studio.dev/:710
[     162ms] [LOG] yellow-flower.fbx: 60.734376965797374% loaded @ https://jenna-studio.dev/:710
[     164ms] [LOG] skyblue-flower.fbx: 58.89394130016715% loaded @ https://jenna-studio.dev/:710
[     164ms] [LOG] skyblue-flower.fbx: 60.734376965797374% loaded @ https://jenna-studio.dev/:710
[     165ms] [LOG] purple-flower.fbx: 58.89394130016715% loaded @ https://jenna-studio.dev/:710
[     166ms] [LOG] purple-flower.fbx: 62.5748126314276% loaded @ https://jenna-studio.dev/:710
[     166ms] [LOG] purple-flower.fbx: 64.41524829705781% loaded @ https://jenna-studio.dev/:710
[     167ms] [LOG] green-flower.fbx: 58.89394130016715% loaded @ https://jenna-studio.dev/:710
[     167ms] [LOG] green-flower.fbx: 60.734376965797374% loaded @ https://jenna-studio.dev/:710
[     169ms] [LOG] pink-flower.fbx: 100% loaded @ https://jenna-studio.dev/:710
[     169ms] [LOG] yellow-flower.fbx: 100% loaded @ https://jenna-studio.dev/:710
[     170ms] [LOG] skyblue-flower.fbx: 100% loaded @ https://jenna-studio.dev/:710
[     171ms] [LOG] purple-flower.fbx: 95.70265461277162% loaded @ https://jenna-studio.dev/:710
[     171ms] [LOG] purple-flower.fbx: 99.38352594403206% loaded @ https://jenna-studio.dev/:710
[     171ms] [LOG] purple-flower.fbx: 100% loaded @ https://jenna-studio.dev/:710
[     173ms] [LOG] green-flower.fbx: 100% loaded @ https://jenna-studio.dev/:710
[     388ms] [LOG] pink-flower.fbx loaded successfully @ https://jenna-studio.dev/:707
[     545ms] [LOG] yellow-flower.fbx loaded successfully @ https://jenna-studio.dev/:707
[     692ms] [LOG] skyblue-flower.fbx loaded successfully @ https://jenna-studio.dev/:707
[     840ms] [LOG] purple-flower.fbx loaded successfully @ https://jenna-studio.dev/:707
[     993ms] [LOG] green-flower.fbx loaded successfully @ https://jenna-studio.dev/:707
