[     955ms] [LOG] 🎨 Jenna Studio initialized successfully! @ https://jenna-studio.dev/js/main.js?v=custom-cursor-overlay-v3:924
[    1193ms] [LOG] Avatar: 4% loaded @ https://jenna-studio.dev/:649
[    1193ms] [LOG] Avatar: 7% loaded @ https://jenna-studio.dev/:649
[    1193ms] [LOG] Avatar: 10% loaded @ https://jenna-studio.dev/:649
[    1194ms] [LOG] Avatar: 13% loaded @ https://jenna-studio.dev/:649
[    1195ms] [LOG] Avatar: 14% loaded @ https://jenna-studio.dev/:649
[    1195ms] [LOG] Avatar: 17% loaded @ https://jenna-studio.dev/:649
[    1195ms] [LOG] Avatar: 19% loaded @ https://jenna-studio.dev/:649
[    1195ms] [LOG] Avatar: 22% loaded @ https://jenna-studio.dev/:649
[    1197ms] [LOG] Avatar: 26% loaded @ https://jenna-studio.dev/:649
[    1197ms] [LOG] Avatar: 26% loaded @ https://jenna-studio.dev/:649
[    1197ms] [LOG] Avatar: 30% loaded @ https://jenna-studio.dev/:649
[    1197ms] [LOG] Avatar: 32% loaded @ https://jenna-studio.dev/:649
[    1198ms] [LOG] Avatar: 35% loaded @ https://jenna-studio.dev/:649
[    1198ms] [LOG] Avatar: 36% loaded @ https://jenna-studio.dev/:649
[    1199ms] [LOG] Avatar: 39% loaded @ https://jenna-studio.dev/:649
[    1200ms] [LOG] Avatar: 42% loaded @ https://jenna-studio.dev/:649
[    1200ms] [LOG] Avatar: 43% loaded @ https://jenna-studio.dev/:649
[    1200ms] [LOG] Avatar: 46% loaded @ https://jenna-studio.dev/:649
[    1200ms] [LOG] Avatar: 49% loaded @ https://jenna-studio.dev/:649
[    1201ms] [LOG] Avatar: 54% loaded @ https://jenna-studio.dev/:649
[    1201ms] [LOG] Avatar: 54% loaded @ https://jenna-studio.dev/:649
[    1203ms] [LOG] Avatar: 57% loaded @ https://jenna-studio.dev/:649
[    1203ms] [LOG] Avatar: 58% loaded @ https://jenna-studio.dev/:649
[    1204ms] [LOG] Avatar: 61% loaded @ https://jenna-studio.dev/:649
[    1204ms] [LOG] Avatar: 64% loaded @ https://jenna-studio.dev/:649
[    1204ms] [LOG] Avatar: 67% loaded @ https://jenna-studio.dev/:649
[    1204ms] [LOG] Avatar: 70% loaded @ https://jenna-studio.dev/:649
[    1206ms] [LOG] Avatar: 73% loaded @ https://jenna-studio.dev/:649
[    1207ms] [LOG] Avatar: 76% loaded @ https://jenna-studio.dev/:649
[    1207ms] [LOG] Avatar: 80% loaded @ https://jenna-studio.dev/:649
[    1207ms] [LOG] Avatar: 82% loaded @ https://jenna-studio.dev/:649
[    1208ms] [LOG] Avatar: 86% loaded @ https://jenna-studio.dev/:649
[    1208ms] [LOG] Avatar: 88% loaded @ https://jenna-studio.dev/:649
[    1208ms] [LOG] Avatar: 91% loaded @ https://jenna-studio.dev/:649
[    1208ms] [LOG] Avatar: 94% loaded @ https://jenna-studio.dev/:649
[    1208ms] [LOG] Avatar: 95% loaded @ https://jenna-studio.dev/:649
[    1210ms] [LOG] Avatar: 98% loaded @ https://jenna-studio.dev/:649
[    1211ms] [LOG] Avatar: 101% loaded @ https://jenna-studio.dev/:649
[    1212ms] [LOG] skyblue-flower.fbx: 1.8404356656302234% loaded @ https://jenna-studio.dev/:710
[    1214ms] [LOG] skyblue-flower.fbx: 5.06043984435378% loaded @ https://jenna-studio.dev/:710
[    1216ms] [LOG] skyblue-flower.fbx: 8.741311175614227% loaded @ https://jenna-studio.dev/:710
[    1218ms] [LOG] skyblue-flower.fbx: 10.58174684124445% loaded @ https://jenna-studio.dev/:710
[    1218ms] [LOG] skyblue-flower.fbx: 11.040592030769785% loaded @ https://jenna-studio.dev/:710
[    1218ms] [LOG] skyblue-flower.fbx: 12.881027696400007% loaded @ https://jenna-studio.dev/:710
[    1218ms] [LOG] skyblue-flower.fbx: 12.883049659411563% loaded @ https://jenna-studio.dev/:710
[    1219ms] [LOG] skyblue-flower.fbx: 14.723485325041787% loaded @ https://jenna-studio.dev/:710
[    1220ms] [LOG] skyblue-flower.fbx: 15.643197667104008% loaded @ https://jenna-studio.dev/:710
[    1222ms] [LOG] skyblue-flower.fbx: 17.023777161703123% loaded @ https://jenna-studio.dev/:710
[    1223ms] [LOG] skyblue-flower.fbx: 18.864212827333347% loaded @ https://jenna-studio.dev/:710
[    1224ms] [LOG] skyblue-flower.fbx: 19.32305801685868% loaded @ https://jenna-studio.dev/:710
[    1224ms] [LOG] skyblue-flower.fbx: 21.1634936824889% loaded @ https://jenna-studio.dev/:710
[    1224ms] [LOG] skyblue-flower.fbx: 21.16450466399468% loaded @ https://jenna-studio.dev/:710
[    1226ms] [LOG] skyblue-flower.fbx: 23.004940329624905% loaded @ https://jenna-studio.dev/:710
[    1226ms] [LOG] skyblue-flower.fbx: 23.46378551915024% loaded @ https://jenna-studio.dev/:710
[    1226ms] [LOG] skyblue-flower.fbx: 25.304221184780463% loaded @ https://jenna-studio.dev/:710
[    1226ms] [LOG] skyblue-flower.fbx: 25.766099318823127% loaded @ https://jenna-studio.dev/:710
[    1228ms] [LOG] skyblue-flower.fbx: 27.60653498445335% loaded @ https://jenna-studio.dev/:710
[    1228ms] [LOG] skyblue-flower.fbx: 28.06538017397868% loaded @ https://jenna-studio.dev/:710
[    1229ms] [LOG] skyblue-flower.fbx: 29.446970650083575% loaded @ https://jenna-studio.dev/:710
[    1230ms] [LOG] skyblue-flower.fbx: 30.366682992145797% loaded @ https://jenna-studio.dev/:710
[    1232ms] [LOG] skyblue-flower.fbx: 32.20711865777602% loaded @ https://jenna-studio.dev/:710
[    1233ms] [LOG] skyblue-flower.fbx: 32.665963847301356% loaded @ https://jenna-studio.dev/:710
[    1233ms] [LOG] skyblue-flower.fbx: 33.58769815237513% loaded @ https://jenna-studio.dev/:710
[    1236ms] [LOG] skyblue-flower.fbx: 35.42813381800536% loaded @ https://jenna-studio.dev/:710
[    1236ms] [LOG] skyblue-flower.fbx: 35.88697900753069% loaded @ https://jenna-studio.dev/:710
[    1236ms] [LOG] skyblue-flower.fbx: 37.727414673160915% loaded @ https://jenna-studio.dev/:710
[    1237ms] [LOG] skyblue-flower.fbx: 38.1882818256978% loaded @ https://jenna-studio.dev/:710
[    1238ms] [LOG] skyblue-flower.fbx: 40.028717491328024% loaded @ https://jenna-studio.dev/:710
[    1241ms] [LOG] skyblue-flower.fbx: 45.09016831718758% loaded @ https://jenna-studio.dev/:710
[    1245ms] [LOG] skyblue-flower.fbx: 51.07133148510936% loaded @ https://jenna-studio.dev/:710
[    1246ms] [LOG] skyblue-flower.fbx: 52.911767150739585% loaded @ https://jenna-studio.dev/:710
[    1247ms] [LOG] skyblue-flower.fbx: 53.37061234026492% loaded @ https://jenna-studio.dev/:710
[    1247ms] [LOG] skyblue-flower.fbx: 55.211048005895144% loaded @ https://jenna-studio.dev/:710
[    1248ms] [LOG] skyblue-flower.fbx: 56.13278231096892% loaded @ https://jenna-studio.dev/:710
[    1250ms] [LOG] skyblue-flower.fbx: 57.973217976599145% loaded @ https://jenna-studio.dev/:710
[    1254ms] [LOG] skyblue-flower.fbx: 58.89394130016715% loaded @ https://jenna-studio.dev/:710
[    1254ms] [LOG] skyblue-flower.fbx: 63.034668802458704% loaded @ https://jenna-studio.dev/:710
[    1254ms] [LOG] purple-flower.fbx: 1.7074354319811642% loaded @ https://jenna-studio.dev/:710
[    1255ms] [LOG] skyblue-flower.fbx: 63.95438114452093% loaded @ https://jenna-studio.dev/:710
[    1255ms] [LOG] skyblue-flower.fbx: 65.79481681015116% loaded @ https://jenna-studio.dev/:710
[    1257ms] [LOG] skyblue-flower.fbx: 68.55597579934938% loaded @ https://jenna-studio.dev/:710
[    1259ms] [LOG] skyblue-flower.fbx: 70.39641146497961% loaded @ https://jenna-studio.dev/:710
[    1259ms] [LOG] skyblue-flower.fbx: 72.69569232013515% loaded @ https://jenna-studio.dev/:710
[    1260ms] [LOG] skyblue-flower.fbx: 74.07728279624006% loaded @ https://jenna-studio.dev/:710
[    1262ms] [LOG] skyblue-flower.fbx: 75.91771846187028% loaded @ https://jenna-studio.dev/:710
[    1262ms] [LOG] skyblue-flower.fbx: 78.21699931702582% loaded @ https://jenna-studio.dev/:710
[    1263ms] [LOG] skyblue-flower.fbx: 78.67786646956272% loaded @ https://jenna-studio.dev/:710
[    1265ms] [LOG] skyblue-flower.fbx: 80.51830213519294% loaded @ https://jenna-studio.dev/:710
[    1265ms] [LOG] skyblue-flower.fbx: 82.8175829903485% loaded @ https://jenna-studio.dev/:710
[    1265ms] [LOG] skyblue-flower.fbx: 83.73482404428549% loaded @ https://jenna-studio.dev/:710
[    1267ms] [LOG] pink-flower.fbx: 1.840386049729963% loaded @ https://jenna-studio.dev/:710
[    1268ms] [LOG] skyblue-flower.fbx: 85.57525970991571% loaded @ https://jenna-studio.dev/:710
[    1268ms] [LOG] skyblue-flower.fbx: 86.03859815057783% loaded @ https://jenna-studio.dev/:710
[    1270ms] [LOG] pink-flower.fbx: 3.680772099459926% loaded @ https://jenna-studio.dev/:710
[    1270ms] [LOG] pink-flower.fbx: 5.521158149189889% loaded @ https://jenna-studio.dev/:710
[    1271ms] [LOG] skyblue-flower.fbx: 86.95932147414584% loaded @ https://jenna-studio.dev/:710
[    1273ms] [LOG] skyblue-flower.fbx: 88.33787900573338% loaded @ https://jenna-studio.dev/:710
[    1273ms] [LOG] pink-flower.fbx: 6.4408456969293955% loaded @ https://jenna-studio.dev/:710
[    1275ms] [LOG] pink-flower.fbx: 8.281231746659358% loaded @ https://jenna-studio.dev/:710
[    1275ms] [LOG] pink-flower.fbx: 9.201930248649814% loaded @ https://jenna-studio.dev/:710
[    1276ms] [LOG] skyblue-flower.fbx: 90.17831467136361% loaded @ https://jenna-studio.dev/:710
[    1276ms] [LOG] purple-flower.fbx: 2.16754434838872% loaded @ https://jenna-studio.dev/:710
[    1277ms] [LOG] pink-flower.fbx: 9.661774022519568% loaded @ https://jenna-studio.dev/:710
[    1278ms] [LOG] pink-flower.fbx: 11.50216007224953% loaded @ https://jenna-studio.dev/:710
[    1279ms] [LOG] pink-flower.fbx: 12.88270234810974% loaded @ https://jenna-studio.dev/:710
[    1279ms] [LOG] purple-flower.fbx: 3.4148708639623284% loaded @ https://jenna-studio.dev/:710
[    1279ms] [LOG] skyblue-flower.fbx: 91.10004897643739% loaded @ https://jenna-studio.dev/:710
[    1282ms] [LOG] pink-flower.fbx: 14.723088397839703% loaded @ https://jenna-studio.dev/:710
[    1282ms] [LOG] pink-flower.fbx: 16.102619719448963% loaded @ https://jenna-studio.dev/:710
[    1283ms] [LOG] skyblue-flower.fbx: 92.02178328151118% loaded @ https://jenna-studio.dev/:710
[    1284ms] [LOG] pink-flower.fbx: 17.943005769178924% loaded @ https://jenna-studio.dev/:710
[    1284ms] [LOG] skyblue-flower.fbx: 93.8622189471414% loaded @ https://jenna-studio.dev/:710
[    1284ms] [LOG] pink-flower.fbx: 18.40386049729963% loaded @ https://jenna-studio.dev/:710
[    1286ms] [LOG] pink-flower.fbx: 20.244246547029594% loaded @ https://jenna-studio.dev/:710
[    1288ms] [LOG] skyblue-flower.fbx: 95.69962166825428% loaded @ https://jenna-studio.dev/:710
[    1288ms] [LOG] pink-flower.fbx: 21.1639340947691% loaded @ https://jenna-studio.dev/:710
[    1290ms] [LOG] pink-flower.fbx: 23.92501864648952% loaded @ https://jenna-studio.dev/:710
[    1291ms] [LOG] skyblue-flower.fbx: 96.16149980229694% loaded @ https://jenna-studio.dev/:710
[    1292ms] [LOG] pink-flower.fbx: 25.76540469621948% loaded @ https://jenna-studio.dev/:710
[    1293ms] [LOG] skyblue-flower.fbx: 97.54309027840185% loaded @ https://jenna-studio.dev/:710
[    1294ms] [LOG] purple-flower.fbx: 3.8749797803698844% loaded @ https://jenna-studio.dev/:710
[    1294ms] [LOG] pink-flower.fbx: 26.225248470089234% loaded @ https://jenna-studio.dev/:710
[    1294ms] [LOG] pink-flower.fbx: 28.0656345198192% loaded @ https://jenna-studio.dev/:710
[    1295ms] [LOG] skyblue-flower.fbx: 99.38352594403206% loaded @ https://jenna-studio.dev/:710
[    1296ms] [LOG] pink-flower.fbx: 29.901976752545355% loaded @ https://jenna-studio.dev/:710
[    1296ms] [LOG] purple-flower.fbx: 5.173866352738187% loaded @ https://jenna-studio.dev/:710
[    1298ms] [LOG] skyblue-flower.fbx: 100% loaded @ https://jenna-studio.dev/:710
[    1301ms] [LOG] pink-flower.fbx: 34.50648021674859% loaded @ https://jenna-studio.dev/:710
[    1526ms] [LOG] skyblue-flower.fbx loaded successfully @ https://jenna-studio.dev/:707
[    1533ms] [LOG] green-flower.fbx: 58.89394130016715% loaded @ https://jenna-studio.dev/:710
[    1534ms] [LOG] pink-flower.fbx: 58.89235359135881% loaded @ https://jenna-studio.dev/:710
[    1534ms] [LOG] pink-flower.fbx: 95.23921985783737% loaded @ https://jenna-studio.dev/:710
[    1535ms] [LOG] purple-flower.fbx: 58.89394130016715% loaded @ https://jenna-studio.dev/:710
[    1535ms] [LOG] purple-flower.fbx: 64.06780765290534% loaded @ https://jenna-studio.dev/:710
[    1559ms] [LOG] mesh: mesh_0 | mat:  @ https://jenna-studio.dev/:627
[    1559ms] [LOG] Avatar loaded. Materials upgraded: 1 @ https://jenna-studio.dev/:645
[    1606ms] [LOG] green-flower.fbx: 100% loaded @ https://jenna-studio.dev/:710
[    1612ms] [LOG] pink-flower.fbx: 100% loaded @ https://jenna-studio.dev/:710
[    1615ms] [LOG] purple-flower.fbx: 100% loaded @ https://jenna-studio.dev/:710
[    1620ms] [LOG] yellow-flower.fbx: 58.89394130016715% loaded @ https://jenna-studio.dev/:710
[    1620ms] [LOG] yellow-flower.fbx: 60.734376965797374% loaded @ https://jenna-studio.dev/:710
[    1781ms] [LOG] green-flower.fbx loaded successfully @ https://jenna-studio.dev/:707
[    1946ms] [LOG] pink-flower.fbx loaded successfully @ https://jenna-studio.dev/:707
[    2115ms] [LOG] purple-flower.fbx loaded successfully @ https://jenna-studio.dev/:707
[    2124ms] [LOG] yellow-flower.fbx: 100% loaded @ https://jenna-studio.dev/:710
[    2275ms] [LOG] yellow-flower.fbx loaded successfully @ https://jenna-studio.dev/:707
