[     131ms] [LOG] 🎨 Jenna Studio initialized successfully! @ https://jenna-studio.dev/js/main.js?v=custom-cursor-overlay-v3:924
[     136ms] [LOG] Avatar: 77% loaded @ https://jenna-studio.dev/:649
[     137ms] [LOG] pink-flower.fbx: 38.64810704432922% loaded @ https://jenna-studio.dev/:710
[     137ms] [LOG] yellow-flower.fbx: 38.64914897823469% loaded @ https://jenna-studio.dev/:710
[     138ms] [LOG] yellow-flower.fbx: 44.170455975125364% loaded @ https://jenna-studio.dev/:710
[     138ms] [LOG] yellow-flower.fbx: 46.01089164075559% loaded @ https://jenna-studio.dev/:710
[     139ms] [LOG] skyblue-flower.fbx: 38.64914897823469% loaded @ https://jenna-studio.dev/:710
[     139ms] [LOG] skyblue-flower.fbx: 42.33002030949514% loaded @ https://jenna-studio.dev/:710
[     139ms] [LOG] skyblue-flower.fbx: 44.170455975125364% loaded @ https://jenna-studio.dev/:710
[     139ms] [LOG] skyblue-flower.fbx: 49.69176297201603% loaded @ https://jenna-studio.dev/:710
[     140ms] [LOG] purple-flower.fbx: 33.12784198134402% loaded @ https://jenna-studio.dev/:710
[     140ms] [LOG] purple-flower.fbx: 44.170455975125364% loaded @ https://jenna-studio.dev/:710
[     141ms] [LOG] green-flower.fbx: 42.33002030949514% loaded @ https://jenna-studio.dev/:710
[     141ms] [LOG] Avatar: 101% loaded @ https://jenna-studio.dev/:649
[     141ms] [LOG] pink-flower.fbx: 58.89235359135881% loaded @ https://jenna-studio.dev/:710
[     142ms] [LOG] pink-flower.fbx: 75.45582803892847% loaded @ https://jenna-studio.dev/:710
[     142ms] [LOG] yellow-flower.fbx: 58.89394130016715% loaded @ https://jenna-studio.dev/:710
[     142ms] [LOG] yellow-flower.fbx: 73.61742662520894% loaded @ https://jenna-studio.dev/:710
[     143ms] [LOG] skyblue-flower.fbx: 58.89394130016715% loaded @ https://jenna-studio.dev/:710
[     143ms] [LOG] skyblue-flower.fbx: 62.5748126314276% loaded @ https://jenna-studio.dev/:710
[     144ms] [LOG] pink-flower.fbx: 80.97698618811837% loaded @ https://jenna-studio.dev/:710
[     145ms] [LOG] yellow-flower.fbx: 77.29829795646938% loaded @ https://jenna-studio.dev/:710
[     145ms] [LOG] skyblue-flower.fbx: 68.09611962831826% loaded @ https://jenna-studio.dev/:710
[     145ms] [LOG] purple-flower.fbx: 47.85132730638581% loaded @ https://jenna-studio.dev/:710
[     145ms] [LOG] green-flower.fbx: 46.01089164075559% loaded @ https://jenna-studio.dev/:710
[     149ms] [LOG] pink-flower.fbx: 86.49814433730826% loaded @ https://jenna-studio.dev/:710
[     150ms] [LOG] yellow-flower.fbx: 82.81960495336006% loaded @ https://jenna-studio.dev/:710
[     150ms] [LOG] skyblue-flower.fbx: 73.61742662520894% loaded @ https://jenna-studio.dev/:710
[     150ms] [LOG] purple-flower.fbx: 53.37263430327648% loaded @ https://jenna-studio.dev/:710
[     150ms] [LOG] green-flower.fbx: 49.69176297201603% loaded @ https://jenna-studio.dev/:710
[     156ms] [LOG] pink-flower.fbx: 100% loaded @ https://jenna-studio.dev/:710
[     156ms] [LOG] yellow-flower.fbx: 100% loaded @ https://jenna-studio.dev/:710
[     157ms] [LOG] skyblue-flower.fbx: 100% loaded @ https://jenna-studio.dev/:710
[     159ms] [LOG] purple-flower.fbx: 58.89394130016715% loaded @ https://jenna-studio.dev/:710
[     159ms] [LOG] purple-flower.fbx: 100% loaded @ https://jenna-studio.dev/:710
[     160ms] [LOG] green-flower.fbx: 58.89394130016715% loaded @ https://jenna-studio.dev/:710
[     160ms] [LOG] green-flower.fbx: 100% loaded @ https://jenna-studio.dev/:710
[     405ms] [LOG] pink-flower.fbx loaded successfully @ https://jenna-studio.dev/:707
[     557ms] [LOG] yellow-flower.fbx loaded successfully @ https://jenna-studio.dev/:707
[     739ms] [LOG] skyblue-flower.fbx loaded successfully @ https://jenna-studio.dev/:707
[     902ms] [LOG] purple-flower.fbx loaded successfully @ https://jenna-studio.dev/:707
[    1049ms] [LOG] green-flower.fbx loaded successfully @ https://jenna-studio.dev/:707
